<area shape="rect" href="$classCudaFlowLib_1_1TVL1Data.html#cfd2c95d468131e4d23bb4e58a757953" title="CudaFlowLib::TVL1Data::initDiffusionTensor" alt="" coords="331,107,605,133">
<area shape="rect" href="$classCudaFlowLib_1_1TVL1Data.html#760884b09e65e32920e436a6e706ea06" title="CudaFlowLib::TVL1Data::initGradientImagePyramids" alt="" coords="305,157,631,184">
<area shape="rect" href="$classCudaFlowLib_1_1TVL1Data.html#6421c5138d8f067155973a3ea70969d2" title="CudaFlowLib::TVL1Data::rebuildImagePyramid" alt="" coords="681,259,972,285">
<area shape="rect" href="$namespaceCudaFlowLib.html#158a1bb97e49765e35642f7d8d1d0020" title="CudaFlowLib::calculateDiffusionTensor" alt="" coords="705,5,948,32">
<area shape="rect" href="$classCudaFlowLib_1_1TVL1Data.html#bea89ff16d2ade6ba31442f63fd908d6" title="CudaFlowLib::TVL1Data::getOriginalImage" alt="" coords="693,56,960,83">
<area shape="rect" href="$classCudaFlowLib_1_1BaseData.html#7d4e7eae71b0e59c3254d9e9a6a10bca" title="CudaFlowLib::BaseData::initPyramid" alt="" coords="711,107,943,133">
<area shape="rect" href="$classCudaFlowLib_1_1BaseData.html#c3dcd2a85dd76a2ffa79c0d6c46db5cc" title="CudaFlowLib::BaseData::rebuildPyramid" alt="" coords="700,157,953,184">
<area shape="rect" href="$classCudaFlowLib_1_1TVL1Data.html#78ad66d7b7fea019b311251312fe3dc2" title="CudaFlowLib::TVL1Data::getOriginalImagePyramid" alt="" coords="1023,56,1337,83">
<area shape="rect" href="$classCudaFlowLib_1_1BaseData.html#35e059c6665454f9e42b137e57593519" title="CudaFlowLib::BaseData::getRegionOfs" alt="" coords="1056,107,1304,133">
<area shape="rect" href="$classCudaFlowLib_1_1BaseData.html#99e35be649dfaccff2abdcc4696937f1" title="CudaFlowLib::BaseData::getRegionSize" alt="" coords="1055,157,1305,184">
<area shape="rect" href="$classCudaFlowLib_1_1BaseData.html#11d5915109ec483e1220ac27921b0051" title="CudaFlowLib::BaseData::getSize" alt="" coords="1075,208,1285,235">
<area shape="rect" href="$namespaceCudaFlowLib.html#de3d8f954e270c0e4a17584e3eb55225" title="CudaFlowLib::calculateGradientImages" alt="" coords="703,208,951,235">
<area shape="rect" href="$classCudaFlowLib_1_1PreFilter.html#b35b601a7db8d24baa7c63f4be925bf3" title="CudaFlowLib::PreFilter::filter" alt="" coords="1088,259,1272,285">
<area shape="rect" href="$namespaceCudaFlowLib.html#57cbd672dbb933374309b49a0cf4d19f" title="CudaFlowLib::reduce" alt="" coords="1109,309,1251,336">
