<area shape="rect" href="$classCudaFlowLib_1_1TVL1Data.html#63c0430979a44a9f6a3d602447d8b6b0" title="CudaFlowLib::TVL1Data::initData" alt="" coords="296,411,509,437">
<area shape="rect" href="$classCudaFlowLib_1_1BaseData.html#0214762b0199c7be1e3a5ea198de3d7a" title="CudaFlowLib::BaseData::initFlowPyramid" alt="" coords="611,56,869,83">
<area shape="rect" href="$classCudaFlowLib_1_1TVL1Data.html#d1acf60582edbb82bac6276011688d67" title="CudaFlowLib::TVL1Data::initImagePyramid" alt="" coords="964,664,1233,691">
<area shape="rect" href="$classCudaFlowLib_1_1TVL1Data.html#02d1fa48fc735acc36d9a0011677a805" title="CudaFlowLib::TVL1Data::setNextImage" alt="" coords="277,512,528,539">
<area shape="rect" href="$classCudaFlowLib_1_1BaseData.html#35e059c6665454f9e42b137e57593519" title="CudaFlowLib::BaseData::getRegionOfs" alt="" coords="1328,411,1576,437">
<area shape="rect" href="$classCudaFlowLib_1_1BaseData.html#99e35be649dfaccff2abdcc4696937f1" title="CudaFlowLib::BaseData::getRegionSize" alt="" coords="1327,461,1577,488">
<area shape="rect" href="$classCudaFlowLib_1_1BaseData.html#11d5915109ec483e1220ac27921b0051" title="CudaFlowLib::BaseData::getSize" alt="" coords="1347,512,1557,539">
<area shape="rect" href="$classCudaFlowLib_1_1TVL1Data.html#cfd2c95d468131e4d23bb4e58a757953" title="CudaFlowLib::TVL1Data::initDiffusionTensor" alt="" coords="603,563,877,589">
<area shape="rect" href="$classCudaFlowLib_1_1BaseData.html#7d4e7eae71b0e59c3254d9e9a6a10bca" title="CudaFlowLib::BaseData::initPyramid" alt="" coords="983,411,1215,437">
<area shape="rect" href="$classCudaFlowLib_1_1BaseData.html#c3dcd2a85dd76a2ffa79c0d6c46db5cc" title="CudaFlowLib::BaseData::rebuildPyramid" alt="" coords="972,461,1225,488">
<area shape="rect" href="$classCudaFlowLib_1_1TVL1Data.html#760884b09e65e32920e436a6e706ea06" title="CudaFlowLib::TVL1Data::initGradientImagePyramids" alt="" coords="577,411,903,437">
<area shape="rect" href="$classCudaFlowLib_1_1BaseData.html#dc0ececfa7a49f8f9f9adbc6c3aa2d76" title="CudaFlowLib::BaseData::rebuildFlowPyramid" alt="" coords="600,107,880,133">
<area shape="rect" href="$classCudaFlowLib_1_1TVL1Data.html#6421c5138d8f067155973a3ea70969d2" title="CudaFlowLib::TVL1Data::rebuildImagePyramid" alt="" coords="953,613,1244,640">
<area shape="rect" href="$namespaceCudaFlowLib.html#158a1bb97e49765e35642f7d8d1d0020" title="CudaFlowLib::calculateDiffusionTensor" alt="" coords="977,563,1220,589">
<area shape="rect" href="$classCudaFlowLib_1_1TVL1Data.html#bea89ff16d2ade6ba31442f63fd908d6" title="CudaFlowLib::TVL1Data::getOriginalImage" alt="" coords="965,715,1232,741">
<area shape="rect" href="$classCudaFlowLib_1_1TVL1Data.html#78ad66d7b7fea019b311251312fe3dc2" title="CudaFlowLib::TVL1Data::getOriginalImagePyramid" alt="" coords="1295,715,1609,741">
<area shape="rect" href="$namespaceCudaFlowLib.html#cfd20103d798c6ea8ba833a5880f9ecd" title="CudaFlowLib::calculateOptimalCudaSize" alt="" coords="971,5,1227,32">
<area shape="rect" href="$classCudaFlowLib_1_1BaseData.html#4a4bb3e928f663c18686031ec48e2ebd" title="CudaFlowLib::BaseData::checkNumScales" alt="" coords="964,56,1233,83">
<area shape="rect" href="$namespaceCudaFlowLib.html#de3d8f954e270c0e4a17584e3eb55225" title="CudaFlowLib::calculateGradientImages" alt="" coords="975,360,1223,387">
<area shape="rect" href="$classCudaFlowLib_1_1PreFilter.html#b35b601a7db8d24baa7c63f4be925bf3" title="CudaFlowLib::PreFilter::filter" alt="" coords="1360,664,1544,691">
<area shape="rect" href="$namespaceCudaFlowLib.html#57cbd672dbb933374309b49a0cf4d19f" title="CudaFlowLib::reduce" alt="" coords="1381,613,1523,640">
