<area shape="rect" href="$namespaceCudaFlowLib.html#158a1bb97e49765e35642f7d8d1d0020" title="CudaFlowLib::calculateDiffusionTensor" alt="" coords="341,5,584,32">
<area shape="rect" href="$classCudaFlowLib_1_1TVL1Data.html#bea89ff16d2ade6ba31442f63fd908d6" title="CudaFlowLib::TVL1Data::getOriginalImage" alt="" coords="329,56,596,83">
<area shape="rect" href="$classCudaFlowLib_1_1BaseData.html#7d4e7eae71b0e59c3254d9e9a6a10bca" title="CudaFlowLib::BaseData::initPyramid" alt="" coords="347,107,579,133">
<area shape="rect" href="$classCudaFlowLib_1_1BaseData.html#c3dcd2a85dd76a2ffa79c0d6c46db5cc" title="CudaFlowLib::BaseData::rebuildPyramid" alt="" coords="336,157,589,184">
<area shape="rect" href="$classCudaFlowLib_1_1TVL1Data.html#78ad66d7b7fea019b311251312fe3dc2" title="CudaFlowLib::TVL1Data::getOriginalImagePyramid" alt="" coords="647,56,961,83">
<area shape="rect" href="$classCudaFlowLib_1_1BaseData.html#35e059c6665454f9e42b137e57593519" title="CudaFlowLib::BaseData::getRegionOfs" alt="" coords="680,107,928,133">
<area shape="rect" href="$classCudaFlowLib_1_1BaseData.html#99e35be649dfaccff2abdcc4696937f1" title="CudaFlowLib::BaseData::getRegionSize" alt="" coords="679,157,929,184">
<area shape="rect" href="$classCudaFlowLib_1_1BaseData.html#11d5915109ec483e1220ac27921b0051" title="CudaFlowLib::BaseData::getSize" alt="" coords="699,208,909,235">
