<area shape="rect" href="$classFlowLib.html#b3f8a58a22435068fcbccb58f2bb262d" title="FlowLib::run" alt="" coords="224,1800,315,1827">
<area shape="rect" href="$classFlowLib.html#46f315645abdc45f70fac01cdbe680b1" title="FlowLib::setNumIter" alt="" coords="201,1851,337,1877">
<area shape="rect" href="$namespaceCudaFlowLib.html#1323cf993ff8d0fb3d80ae951fba8a6e" title="CudaFlowLib::solveSOL1" alt="" coords="419,1800,587,1827">
<area shape="rect" href="$namespaceCudaFlowLib.html#50a1587693da427dfc72fef0ffeff90c" title="CudaFlowLib::solveTVL1" alt="" coords="707,1243,872,1269">
<area shape="rect" href="$namespaceCudaFlowLib.html#9efa1062955c4eac2cc0e9d626b6c99d" title="CudaFlowLib::expandData" alt="" coords="1031,1597,1201,1624">
<area shape="rect" href="$classCudaFlowLib_1_1BaseData.html#18c10999e6731d0315ba2b16409e349c" title="CudaFlowLib::BaseData::flowParameters" alt="" coords="1340,1724,1599,1751">
<area shape="rect" href="$classCudaFlowLib_1_1BaseData.html#596be6d8073bf64a69f6042b36b22836" title="CudaFlowLib::BaseData::getPitch" alt="" coords="1361,381,1577,408">
<area shape="rect" href="$classCudaFlowLib_1_1SOL1Data.html#5fc740174c91d0a38b629184558d51bb" title="CudaFlowLib::SOL1Data::getPx3Pyramid" alt="" coords="1340,2307,1599,2333">
<area shape="rect" href="$classCudaFlowLib_1_1SOL1Data.html#210aa528bbdd58e9d1b392c64315c5a4" title="CudaFlowLib::SOL1Data::getPx4Pyramid" alt="" coords="1340,2357,1599,2384">
<area shape="rect" href="$classCudaFlowLib_1_1SOL1Data.html#b7526d951e45f2489ac8841fecb5716e" title="CudaFlowLib::SOL1Data::getPy3Pyramid" alt="" coords="1340,2256,1599,2283">
<area shape="rect" href="$classCudaFlowLib_1_1SOL1Data.html#2df8fc4f35dc01a877b227696ee6b106" title="CudaFlowLib::SOL1Data::getPy4Pyramid" alt="" coords="1340,2408,1599,2435">
<area shape="rect" href="$classCudaFlowLib_1_1BaseData.html#35e059c6665454f9e42b137e57593519" title="CudaFlowLib::BaseData::getRegionOfs" alt="" coords="1345,1445,1593,1472">
<area shape="rect" href="$classCudaFlowLib_1_1BaseData.html#99e35be649dfaccff2abdcc4696937f1" title="CudaFlowLib::BaseData::getRegionSize" alt="" coords="1344,1496,1595,1523">
<area shape="rect" href="$classCudaFlowLib_1_1BaseData.html#11d5915109ec483e1220ac27921b0051" title="CudaFlowLib::BaseData::getSize" alt="" coords="1364,1547,1575,1573">
<area shape="rect" href="$classCudaFlowLib_1_1BaseData.html#906cb83641b0d80c61281f12a2c653e5" title="CudaFlowLib::BaseData::getStride" alt="" coords="1360,1597,1579,1624">
<area shape="rect" href="$classCudaFlowLib_1_1TVL1Data.html#88d3ba3703c388e079ba9414a39c02c4" title="CudaFlowLib::TVL1Data::getAPyramid" alt="" coords="1348,217,1591,244">
<area shape="rect" href="$classCudaFlowLib_1_1TVL1Data.html#1062b463602a9817df229e681d381479" title="CudaFlowLib::TVL1Data::getBPyramid" alt="" coords="1348,305,1591,332">
<area shape="rect" href="$classCudaFlowLib_1_1TVL1Data.html#4f528b87539f6c6cedf81883b5467bb2" title="CudaFlowLib::TVL1Data::getCPyramid" alt="" coords="1348,123,1591,149">
<area shape="rect" href="$classCudaFlowLib_1_1BaseData.html#c8fc3210835b3f075b3ccb66e5a6a370" title="CudaFlowLib::BaseData::getFlowField" alt="" coords="1349,2205,1589,2232">
<area shape="rect" href="$classCudaFlowLib_1_1TVL1Data.html#72bba6b37657a508838b396e5fa3106e" title="CudaFlowLib::TVL1Data::getFlowField0Pyramid" alt="" coords="1321,1648,1617,1675">
<area shape="rect" href="$classCudaFlowLib_1_1TVL1Data.html#4696d7e572dec00a2a80c24d74a23faa" title="CudaFlowLib::TVL1Data::getFlowField_Pyramid" alt="" coords="1321,1952,1617,1979">
<area shape="rect" href="$classCudaFlowLib_1_1TVL1Data.html#c3715d938e7e07d4dfaf119e59941ac4" title="CudaFlowLib::TVL1Data::getGPyramid" alt="" coords="667,1901,912,1928">
<area shape="rect" href="$classCudaFlowLib_1_1TVL1Data.html#78b396b8f5c167404ab03169f1c1c036" title="CudaFlowLib::TVL1Data::getGradXPyramid" alt="" coords="1333,989,1605,1016">
<area shape="rect" href="$classCudaFlowLib_1_1TVL1Data.html#2878c02bfbe49d7d4e266d4c2bc99f6b" title="CudaFlowLib::TVL1Data::getGradYPyramid" alt="" coords="1333,1040,1605,1067">
<area shape="rect" href="$classCudaFlowLib_1_1TVL1Data.html#414c472abf3cb731f8bcfb862164ac25" title="CudaFlowLib::TVL1Data::getImage" alt="" coords="1357,24,1581,51">
<area shape="rect" href="$classCudaFlowLib_1_1TVL1Data.html#c34cc524fc3b0a9c2734e2f9f481128e" title="CudaFlowLib::TVL1Data::getImageTPyramid" alt="" coords="1329,1091,1609,1117">
<area shape="rect" href="$classCudaFlowLib_1_1TVL1Data.html#2bee681d26046cfb42a29f3a9e9a7d01" title="CudaFlowLib::TVL1Data::getPx1Pyramid" alt="" coords="1340,2003,1599,2029">
<area shape="rect" href="$classCudaFlowLib_1_1TVL1Data.html#7f7f72764308ce59285fbc8bdcf91ce0" title="CudaFlowLib::TVL1Data::getPx2Pyramid" alt="" coords="1340,2053,1599,2080">
<area shape="rect" href="$classCudaFlowLib_1_1TVL1Data.html#68e8fabe028cc11814478cc641adc312" title="CudaFlowLib::TVL1Data::getPy1Pyramid" alt="" coords="1340,2104,1599,2131">
<area shape="rect" href="$classCudaFlowLib_1_1TVL1Data.html#f7369c24b2f8f59f1f40abd6f18e0a51" title="CudaFlowLib::TVL1Data::getPy2Pyramid" alt="" coords="1340,2155,1599,2181">
<area shape="rect" href="$classFlowField.html#598806bfc202337c34804488e53ee143" title="FlowField::reset" alt="" coords="1060,2256,1172,2283">
<area shape="rect" href="$namespaceCudaFlowLib.html#6ba4e17144e5be2e5981be8f84a6de2f" title="CudaFlowLib::so_pdu2fDanielssonKernelCalls" alt="" coords="973,2104,1259,2131">
<area shape="rect" href="$classFlowField.html#cc39e66ec67514509b287b593d93c395" title="FlowField::u" alt="" coords="1424,1851,1515,1877">
<area shape="rect" href="$classFlowField.html#c7540336d3ea45ecef1773db9d72dff8" title="FlowField::v" alt="" coords="1424,1901,1515,1928">
<area shape="rect" href="$namespaceCudaFlowLib.html#aa9393bb208d978e44d9c7ab7781a2d6" title="CudaFlowLib::so_pdu2fDiffusionTensorKernelCalls" alt="" coords="961,2408,1271,2435">
<area shape="rect" href="$namespaceCudaFlowLib.html#b129d9c7e966d16326e89f0e6ca12839" title="CudaFlowLib::so_pdu2fFrobHessianKernelCalls" alt="" coords="968,2357,1264,2384">
<area shape="rect" href="$namespaceCudaFlowLib.html#91dbf9328bbd1c57260fcea244987892" title="CudaFlowLib::so_pdu2fQuadVariationKernelCalls" alt="" coords="964,2053,1268,2080">
<area shape="rect" href="$namespaceCudaFlowLib.html#a537fd500f880c9933a1b6d57be89512" title="CudaFlowLib::warp2f" alt="" coords="1045,1091,1187,1117">
<area shape="rect" href="$classCudaFlowLib_1_1TVL1Data.html#590203e816f2c6e0fe6abec65aa5be43" title="CudaFlowLib::TVL1Data::getImagePyramid" alt="" coords="1667,24,1939,51">
<area shape="rect" href="$classCudaFlowLib_1_1TVL1Data.html#121f1a23e1cbd34ea2c872abb5ebd945" title="CudaFlowLib::TVL1Data::getGradX2Pyramid" alt="" coords="1329,1243,1609,1269">
<area shape="rect" href="$classCudaFlowLib_1_1TVL1Data.html#d6ab9c8601dd0bb00222e95d50b9bf01" title="CudaFlowLib::TVL1Data::getGradY2Pyramid" alt="" coords="1329,1141,1609,1168">
<area shape="rect" href="$classCudaFlowLib_1_1TVL1Data.html#91161ed8fefdca7a60d49aa191287461" title="CudaFlowLib::TVL1Data::getImageT2Pyramid" alt="" coords="1327,1192,1612,1219">
<area shape="rect" href="$namespaceCudaFlowLib.html#8e776c674236bb2f13d0f4cf79d2f336" title="CudaFlowLib::pd2fAnisotropicKernelCalls" alt="" coords="987,1445,1245,1472">
<area shape="rect" href="$namespaceCudaFlowLib.html#f70c5f9d9c2e98668f22c2a9a98b91ab" title="CudaFlowLib::pd2fIsotropicKernelCalls" alt="" coords="995,1952,1237,1979">
<area shape="rect" href="$namespaceCudaFlowLib.html#a404004e92c7319ce8b97c14ee053b48" title="CudaFlowLib::pd3fAnisotropicKernelCalls" alt="" coords="987,1192,1245,1219">
<area shape="rect" href="$namespaceCudaFlowLib.html#f428edffe46d33828981d1f43bce270f" title="CudaFlowLib::pd3fIsotropicKernelCalls" alt="" coords="995,1496,1237,1523">
<area shape="rect" href="$namespaceCudaFlowLib.html#e075c3d2a0224135fcd01cb60e985cb2" title="CudaFlowLib::warp3f" alt="" coords="1045,787,1187,813">
<area shape="rect" href="$classCudaFlowLib_1_1TVL1Data.html#df77160087acf70ab61377c15f1ee95f" title="CudaFlowLib::TVL1Data::getImage1XPyramid" alt="" coords="1325,863,1613,889">
<area shape="rect" href="$classCudaFlowLib_1_1BaseData.html#1076db4eaef866106310fe4f23b97f00" title="CudaFlowLib::BaseData::setNumIter" alt="" coords="387,1851,619,1877">
