<area shape="rect" href="$namespaceCudaFlowLib.html#1323cf993ff8d0fb3d80ae951fba8a6e" title="CudaFlowLib::solveSOL1" alt="" coords="147,1785,315,1812">
<area shape="rect" href="$namespaceCudaFlowLib.html#50a1587693da427dfc72fef0ffeff90c" title="CudaFlowLib::solveTVL1" alt="" coords="403,1228,568,1255">
<area shape="rect" href="$namespaceCudaFlowLib.html#9efa1062955c4eac2cc0e9d626b6c99d" title="CudaFlowLib::expandData" alt="" coords="727,2444,897,2471">
<area shape="rect" href="$classCudaFlowLib_1_1BaseData.html#18c10999e6731d0315ba2b16409e349c" title="CudaFlowLib::BaseData::flowParameters" alt="" coords="1036,1735,1295,1761">
<area shape="rect" href="$classCudaFlowLib_1_1BaseData.html#596be6d8073bf64a69f6042b36b22836" title="CudaFlowLib::BaseData::getPitch" alt="" coords="1057,2545,1273,2572">
<area shape="rect" href="$classCudaFlowLib_1_1SOL1Data.html#5fc740174c91d0a38b629184558d51bb" title="CudaFlowLib::SOL1Data::getPx3Pyramid" alt="" coords="1036,2140,1295,2167">
<area shape="rect" href="$classCudaFlowLib_1_1SOL1Data.html#210aa528bbdd58e9d1b392c64315c5a4" title="CudaFlowLib::SOL1Data::getPx4Pyramid" alt="" coords="1036,2241,1295,2268">
<area shape="rect" href="$classCudaFlowLib_1_1SOL1Data.html#b7526d951e45f2489ac8841fecb5716e" title="CudaFlowLib::SOL1Data::getPy3Pyramid" alt="" coords="1036,2089,1295,2116">
<area shape="rect" href="$classCudaFlowLib_1_1SOL1Data.html#2df8fc4f35dc01a877b227696ee6b106" title="CudaFlowLib::SOL1Data::getPy4Pyramid" alt="" coords="1036,2393,1295,2420">
<area shape="rect" href="$classCudaFlowLib_1_1BaseData.html#35e059c6665454f9e42b137e57593519" title="CudaFlowLib::BaseData::getRegionOfs" alt="" coords="1041,1279,1289,1305">
<area shape="rect" href="$classCudaFlowLib_1_1BaseData.html#99e35be649dfaccff2abdcc4696937f1" title="CudaFlowLib::BaseData::getRegionSize" alt="" coords="1040,1329,1291,1356">
<area shape="rect" href="$classCudaFlowLib_1_1BaseData.html#11d5915109ec483e1220ac27921b0051" title="CudaFlowLib::BaseData::getSize" alt="" coords="1060,1380,1271,1407">
<area shape="rect" href="$classCudaFlowLib_1_1BaseData.html#906cb83641b0d80c61281f12a2c653e5" title="CudaFlowLib::BaseData::getStride" alt="" coords="1056,1431,1275,1457">
<area shape="rect" href="$classCudaFlowLib_1_1TVL1Data.html#88d3ba3703c388e079ba9414a39c02c4" title="CudaFlowLib::TVL1Data::getAPyramid" alt="" coords="1044,569,1287,596">
<area shape="rect" href="$classCudaFlowLib_1_1TVL1Data.html#1062b463602a9817df229e681d381479" title="CudaFlowLib::TVL1Data::getBPyramid" alt="" coords="1044,671,1287,697">
<area shape="rect" href="$classCudaFlowLib_1_1TVL1Data.html#4f528b87539f6c6cedf81883b5467bb2" title="CudaFlowLib::TVL1Data::getCPyramid" alt="" coords="1044,519,1287,545">
<area shape="rect" href="$classCudaFlowLib_1_1BaseData.html#c8fc3210835b3f075b3ccb66e5a6a370" title="CudaFlowLib::BaseData::getFlowField" alt="" coords="1045,2039,1285,2065">
<area shape="rect" href="$classCudaFlowLib_1_1TVL1Data.html#72bba6b37657a508838b396e5fa3106e" title="CudaFlowLib::TVL1Data::getFlowField0Pyramid" alt="" coords="1017,1228,1313,1255">
<area shape="rect" href="$classCudaFlowLib_1_1TVL1Data.html#4696d7e572dec00a2a80c24d74a23faa" title="CudaFlowLib::TVL1Data::getFlowField_Pyramid" alt="" coords="1017,1937,1313,1964">
<area shape="rect" href="$classCudaFlowLib_1_1TVL1Data.html#c3715d938e7e07d4dfaf119e59941ac4" title="CudaFlowLib::TVL1Data::getGPyramid" alt="" coords="363,1811,608,1837">
<area shape="rect" href="$classCudaFlowLib_1_1TVL1Data.html#78b396b8f5c167404ab03169f1c1c036" title="CudaFlowLib::TVL1Data::getGradXPyramid" alt="" coords="1029,924,1301,951">
<area shape="rect" href="$classCudaFlowLib_1_1TVL1Data.html#2878c02bfbe49d7d4e266d4c2bc99f6b" title="CudaFlowLib::TVL1Data::getGradYPyramid" alt="" coords="1029,975,1301,1001">
<area shape="rect" href="$classCudaFlowLib_1_1TVL1Data.html#414c472abf3cb731f8bcfb862164ac25" title="CudaFlowLib::TVL1Data::getImage" alt="" coords="1053,139,1277,165">
<area shape="rect" href="$classCudaFlowLib_1_1TVL1Data.html#c34cc524fc3b0a9c2734e2f9f481128e" title="CudaFlowLib::TVL1Data::getImageTPyramid" alt="" coords="1025,1025,1305,1052">
<area shape="rect" href="$classCudaFlowLib_1_1TVL1Data.html#2bee681d26046cfb42a29f3a9e9a7d01" title="CudaFlowLib::TVL1Data::getPx1Pyramid" alt="" coords="1036,1988,1295,2015">
<area shape="rect" href="$classCudaFlowLib_1_1TVL1Data.html#7f7f72764308ce59285fbc8bdcf91ce0" title="CudaFlowLib::TVL1Data::getPx2Pyramid" alt="" coords="1036,1785,1295,1812">
<area shape="rect" href="$classCudaFlowLib_1_1TVL1Data.html#68e8fabe028cc11814478cc641adc312" title="CudaFlowLib::TVL1Data::getPy1Pyramid" alt="" coords="1036,1836,1295,1863">
<area shape="rect" href="$classCudaFlowLib_1_1TVL1Data.html#f7369c24b2f8f59f1f40abd6f18e0a51" title="CudaFlowLib::TVL1Data::getPy2Pyramid" alt="" coords="1036,1887,1295,1913">
<area shape="rect" href="$classFlowField.html#598806bfc202337c34804488e53ee143" title="FlowField::reset" alt="" coords="756,2393,868,2420">
<area shape="rect" href="$namespaceCudaFlowLib.html#6ba4e17144e5be2e5981be8f84a6de2f" title="CudaFlowLib::so_pdu2fDanielssonKernelCalls" alt="" coords="669,1836,955,1863">
<area shape="rect" href="$classFlowField.html#cc39e66ec67514509b287b593d93c395" title="FlowField::u" alt="" coords="1120,1633,1211,1660">
<area shape="rect" href="$classFlowField.html#c7540336d3ea45ecef1773db9d72dff8" title="FlowField::v" alt="" coords="1120,1684,1211,1711">
<area shape="rect" href="$namespaceCudaFlowLib.html#aa9393bb208d978e44d9c7ab7781a2d6" title="CudaFlowLib::so_pdu2fDiffusionTensorKernelCalls" alt="" coords="657,2089,967,2116">
<area shape="rect" href="$namespaceCudaFlowLib.html#b129d9c7e966d16326e89f0e6ca12839" title="CudaFlowLib::so_pdu2fFrobHessianKernelCalls" alt="" coords="664,2039,960,2065">
<area shape="rect" href="$namespaceCudaFlowLib.html#91dbf9328bbd1c57260fcea244987892" title="CudaFlowLib::so_pdu2fQuadVariationKernelCalls" alt="" coords="660,1887,964,1913">
<area shape="rect" href="$namespaceCudaFlowLib.html#a537fd500f880c9933a1b6d57be89512" title="CudaFlowLib::warp2f" alt="" coords="741,772,883,799">
<area shape="rect" href="$classCudaFlowLib_1_1TVL1Data.html#590203e816f2c6e0fe6abec65aa5be43" title="CudaFlowLib::TVL1Data::getImagePyramid" alt="" coords="1363,139,1635,165">
<area shape="rect" href="$classCudaFlowLib_1_1TVL1Data.html#121f1a23e1cbd34ea2c872abb5ebd945" title="CudaFlowLib::TVL1Data::getGradX2Pyramid" alt="" coords="1025,873,1305,900">
<area shape="rect" href="$classCudaFlowLib_1_1TVL1Data.html#d6ab9c8601dd0bb00222e95d50b9bf01" title="CudaFlowLib::TVL1Data::getGradY2Pyramid" alt="" coords="1025,772,1305,799">
<area shape="rect" href="$classCudaFlowLib_1_1TVL1Data.html#91161ed8fefdca7a60d49aa191287461" title="CudaFlowLib::TVL1Data::getImageT2Pyramid" alt="" coords="1023,823,1308,849">
<area shape="rect" href="$namespaceCudaFlowLib.html#8e776c674236bb2f13d0f4cf79d2f336" title="CudaFlowLib::pd2fAnisotropicKernelCalls" alt="" coords="683,1228,941,1255">
<area shape="rect" href="$namespaceCudaFlowLib.html#f70c5f9d9c2e98668f22c2a9a98b91ab" title="CudaFlowLib::pd2fIsotropicKernelCalls" alt="" coords="691,1735,933,1761">
<area shape="rect" href="$namespaceCudaFlowLib.html#a404004e92c7319ce8b97c14ee053b48" title="CudaFlowLib::pd3fAnisotropicKernelCalls" alt="" coords="683,1025,941,1052">
<area shape="rect" href="$namespaceCudaFlowLib.html#f428edffe46d33828981d1f43bce270f" title="CudaFlowLib::pd3fIsotropicKernelCalls" alt="" coords="691,1329,933,1356">
<area shape="rect" href="$namespaceCudaFlowLib.html#e075c3d2a0224135fcd01cb60e985cb2" title="CudaFlowLib::warp3f" alt="" coords="741,468,883,495">
<area shape="rect" href="$classCudaFlowLib_1_1TVL1Data.html#df77160087acf70ab61377c15f1ee95f" title="CudaFlowLib::TVL1Data::getImage1XPyramid" alt="" coords="1021,620,1309,647">
<area shape="rect" href="$classCudaFlowLib_1_1TVL1Data.html#88b8865489878ac960650dfac385ce0d" title="CudaFlowLib::TVL1Data::getImage1YPyramid" alt="" coords="1021,468,1309,495">
<area shape="rect" href="$classCudaFlowLib_1_1TVL1Data.html#247b45462ca613ddf5a80fa0822cad75" title="CudaFlowLib::TVL1Data::getImage2XPyramid" alt="" coords="1021,721,1309,748">
<area shape="rect" href="$classCudaFlowLib_1_1TVL1Data.html#de68f38f0599c75291dc9776cabdffff" title="CudaFlowLib::TVL1Data::getImage2YPyramid" alt="" coords="1021,417,1309,444">
