<area shape="rect" href="$classCudaFlowLib_1_1BaseData.html#f8cf31a440498ce8f02a580770bb288f" title="CudaFlowLib::BaseData::getNumImages" alt="" coords="171,411,427,437">
<area shape="rect" href="$classCudaFlowLib_1_1TVL1Data.html#bba34328434f1c42b6b9339500cb4f5b" title="CudaFlowLib::TVL1Data::setImage" alt="" coords="187,461,411,488">
<area shape="rect" href="$classCudaFlowLib_1_1TVL1Data.html#63c0430979a44a9f6a3d602447d8b6b0" title="CudaFlowLib::TVL1Data::initData" alt="" coords="493,411,707,437">
<area shape="rect" href="$classCudaFlowLib_1_1BaseData.html#0214762b0199c7be1e3a5ea198de3d7a" title="CudaFlowLib::BaseData::initFlowPyramid" alt="" coords="808,56,1067,83">
<area shape="rect" href="$classCudaFlowLib_1_1TVL1Data.html#d1acf60582edbb82bac6276011688d67" title="CudaFlowLib::TVL1Data::initImagePyramid" alt="" coords="1161,664,1431,691">
<area shape="rect" href="$classCudaFlowLib_1_1TVL1Data.html#02d1fa48fc735acc36d9a0011677a805" title="CudaFlowLib::TVL1Data::setNextImage" alt="" coords="475,512,725,539">
<area shape="rect" href="$classCudaFlowLib_1_1BaseData.html#35e059c6665454f9e42b137e57593519" title="CudaFlowLib::BaseData::getRegionOfs" alt="" coords="1525,411,1773,437">
<area shape="rect" href="$classCudaFlowLib_1_1BaseData.html#99e35be649dfaccff2abdcc4696937f1" title="CudaFlowLib::BaseData::getRegionSize" alt="" coords="1524,461,1775,488">
<area shape="rect" href="$classCudaFlowLib_1_1BaseData.html#11d5915109ec483e1220ac27921b0051" title="CudaFlowLib::BaseData::getSize" alt="" coords="1544,512,1755,539">
<area shape="rect" href="$classCudaFlowLib_1_1TVL1Data.html#cfd2c95d468131e4d23bb4e58a757953" title="CudaFlowLib::TVL1Data::initDiffusionTensor" alt="" coords="800,563,1075,589">
<area shape="rect" href="$classCudaFlowLib_1_1BaseData.html#7d4e7eae71b0e59c3254d9e9a6a10bca" title="CudaFlowLib::BaseData::initPyramid" alt="" coords="1180,411,1412,437">
<area shape="rect" href="$classCudaFlowLib_1_1BaseData.html#c3dcd2a85dd76a2ffa79c0d6c46db5cc" title="CudaFlowLib::BaseData::rebuildPyramid" alt="" coords="1169,461,1423,488">
<area shape="rect" href="$classCudaFlowLib_1_1TVL1Data.html#760884b09e65e32920e436a6e706ea06" title="CudaFlowLib::TVL1Data::initGradientImagePyramids" alt="" coords="775,411,1100,437">
<area shape="rect" href="$classCudaFlowLib_1_1BaseData.html#dc0ececfa7a49f8f9f9adbc6c3aa2d76" title="CudaFlowLib::BaseData::rebuildFlowPyramid" alt="" coords="797,107,1077,133">
<area shape="rect" href="$classCudaFlowLib_1_1TVL1Data.html#6421c5138d8f067155973a3ea70969d2" title="CudaFlowLib::TVL1Data::rebuildImagePyramid" alt="" coords="1151,613,1441,640">
<area shape="rect" href="$namespaceCudaFlowLib.html#158a1bb97e49765e35642f7d8d1d0020" title="CudaFlowLib::calculateDiffusionTensor" alt="" coords="1175,563,1417,589">
<area shape="rect" href="$classCudaFlowLib_1_1TVL1Data.html#bea89ff16d2ade6ba31442f63fd908d6" title="CudaFlowLib::TVL1Data::getOriginalImage" alt="" coords="1163,715,1429,741">
<area shape="rect" href="$classCudaFlowLib_1_1TVL1Data.html#78ad66d7b7fea019b311251312fe3dc2" title="CudaFlowLib::TVL1Data::getOriginalImagePyramid" alt="" coords="1492,715,1807,741">
<area shape="rect" href="$namespaceCudaFlowLib.html#cfd20103d798c6ea8ba833a5880f9ecd" title="CudaFlowLib::calculateOptimalCudaSize" alt="" coords="1168,5,1424,32">
<area shape="rect" href="$classCudaFlowLib_1_1BaseData.html#4a4bb3e928f663c18686031ec48e2ebd" title="CudaFlowLib::BaseData::checkNumScales" alt="" coords="1161,56,1431,83">
<area shape="rect" href="$namespaceCudaFlowLib.html#de3d8f954e270c0e4a17584e3eb55225" title="CudaFlowLib::calculateGradientImages" alt="" coords="1172,360,1420,387">
<area shape="rect" href="$classCudaFlowLib_1_1PreFilter.html#b35b601a7db8d24baa7c63f4be925bf3" title="CudaFlowLib::PreFilter::filter" alt="" coords="1557,664,1741,691">
<area shape="rect" href="$namespaceCudaFlowLib.html#57cbd672dbb933374309b49a0cf4d19f" title="CudaFlowLib::reduce" alt="" coords="1579,613,1720,640">
