<area shape="rect" href="$classCudaFlowLib_1_1BaseData.html#18c10999e6731d0315ba2b16409e349c" title="CudaFlowLib::BaseData::flowParameters" alt="" coords="232,5,491,32">
<area shape="rect" href="$classCudaFlowLib_1_1BaseData.html#c8fc3210835b3f075b3ccb66e5a6a370" title="CudaFlowLib::BaseData::getFlowField" alt="" coords="241,56,481,83">
<area shape="rect" href="$classCudaFlowLib_1_1TVL1Data.html#bea89ff16d2ade6ba31442f63fd908d6" title="CudaFlowLib::TVL1Data::getOriginalImage" alt="" coords="228,107,495,133">
<area shape="rect" href="$classFlowField.html#cc39e66ec67514509b287b593d93c395" title="FlowField::u" alt="" coords="316,157,407,184">
<area shape="rect" href="$classFlowField.html#c7540336d3ea45ecef1773db9d72dff8" title="FlowField::v" alt="" coords="316,208,407,235">
<area shape="rect" href="$namespaceCudaFlowLib.html#d347af7597d91c474219237a7b6cb6cc" title="CudaFlowLib::warpImage" alt="" coords="279,259,444,285">
<area shape="rect" href="$classCudaFlowLib_1_1TVL1Data.html#78ad66d7b7fea019b311251312fe3dc2" title="CudaFlowLib::TVL1Data::getOriginalImagePyramid" alt="" coords="545,107,860,133">
