<area shape="rect" href="$FlowField_8h.html" title="src/FlowField.h" alt="" coords="257,80,367,107">
<area shape="rect" href="$FlowField_8cpp.html" title="src/FlowField.cpp" alt="" coords="93,155,216,181">
<area shape="rect" href="$FlowLibTVL1_8cu.html" title="src/FlowLibTVL1.cu" alt="" coords="115,379,251,405">
<area shape="rect" href="$FlowLibSOL1_8cu.html" title="src/FlowLibSOL1.cu" alt="" coords="275,379,413,405">
<area shape="rect" href="$FlowLibBaseData_8h.html" title="src/FlowLibBaseData.h" alt="" coords="429,80,584,107">
<area shape="rect" href="$FlowLibTVL1Data_8h.html" title="src/FlowLibTVL1Data.h" alt="" coords="635,155,789,181">
<area shape="rect" href="$FlowLibFilters_8h.html" title="src/FlowLibFilters.h" alt="" coords="915,155,1048,181">
<area shape="rect" href="$FlowLib_8h.html" title="src/FlowLib.h" alt="" coords="1185,304,1284,331">
<area shape="rect" href="$FlowLib_8cpp.html" title="src/FlowLib.cpp" alt="" coords="476,379,588,405">
<area shape="rect" href="$FlowLibBaseData_8cpp.html" title="src/FlowLibBaseData.cpp" alt="" coords="392,155,560,181">
<area shape="rect" href="$FlowLib_8cu.html" title="src/FlowLib.cu" alt="" coords="211,453,315,480">
<area shape="rect" href="$FlowLibData_8h.html" title="src/FlowLibData.h" alt="" coords="437,304,563,331">
<area shape="rect" href="$FlowLibSOL1Data_8h.html" title="src/FlowLibSOL1Data.h" alt="" coords="588,229,745,256">
<area shape="rect" href="$FlowLibTVL1Data_8cpp.html" title="src/FlowLibTVL1Data.cpp" alt="" coords="769,229,940,256">
<area shape="rect" href="$FlowLibSOL1Data_8cpp.html" title="src/FlowLibSOL1Data.cpp" alt="" coords="587,304,757,331">
<area shape="rect" href="$FlowLibFilters_8cpp.html" title="src/FlowLibFilters.cpp" alt="" coords="964,229,1111,256">
