<area shape="rect" href="$FlowLibDefs_8h.html" title="src/FlowLibDefs.h" alt="" coords="508,80,633,107">
<area shape="rect" href="$FlowLibTVL1__kernel_8cu.html" title="src/FlowLibTVL1_kernel.cu" alt="" coords="304,379,483,405">
<area shape="rect" href="$FlowLibSOL1__kernel_8cu.html" title="src/FlowLibSOL1_kernel.cu" alt="" coords="5,80,184,107">
<area shape="rect" href="$FlowField_8h.html" title="src/FlowField.h" alt="" coords="516,155,625,181">
<area shape="rect" href="$FlowField_8cpp.html" title="src/FlowField.cpp" alt="" coords="360,229,483,256">
<area shape="rect" href="$FlowLibTVL1_8cu.html" title="src/FlowLibTVL1.cu" alt="" coords="452,453,588,480">
<area shape="rect" href="$FlowLibSOL1_8cu.html" title="src/FlowLibSOL1.cu" alt="" coords="243,453,381,480">
<area shape="rect" href="$FlowLibBaseData_8h.html" title="src/FlowLibBaseData.h" alt="" coords="699,155,853,181">
<area shape="rect" href="$FlowLibTVL1Data_8h.html" title="src/FlowLibTVL1Data.h" alt="" coords="901,229,1056,256">
<area shape="rect" href="$FlowLibFilters_8h.html" title="src/FlowLibFilters.h" alt="" coords="1181,229,1315,256">
<area shape="rect" href="$FlowLib_8h.html" title="src/FlowLib.h" alt="" coords="1351,155,1449,181">
<area shape="rect" href="$FlowLib_8cpp.html" title="src/FlowLib.cpp" alt="" coords="1035,453,1147,480">
<area shape="rect" href="$FlowLibBaseData_8cpp.html" title="src/FlowLibBaseData.cpp" alt="" coords="659,229,827,256">
<area shape="rect" href="$FlowLib_8cu.html" title="src/FlowLib.cu" alt="" coords="387,528,491,555">
<area shape="rect" href="$FlowLibData_8h.html" title="src/FlowLibData.h" alt="" coords="704,379,829,405">
<area shape="rect" href="$FlowLibSOL1Data_8h.html" title="src/FlowLibSOL1Data.h" alt="" coords="855,304,1012,331">
<area shape="rect" href="$FlowLibTVL1Data_8cpp.html" title="src/FlowLibTVL1Data.cpp" alt="" coords="1036,304,1207,331">
<area shape="rect" href="$FlowLibSOL1Data_8cpp.html" title="src/FlowLibSOL1Data.cpp" alt="" coords="853,379,1024,405">
<area shape="rect" href="$FlowLibFilters_8cpp.html" title="src/FlowLibFilters.cpp" alt="" coords="1231,304,1377,331">
