<area shape="rect" href="$FlowLibData_8h.html" title="src/FlowLibData.h" alt="" coords="147,229,272,256">
<area shape="rect" href="$FlowLibTVL1Data_8h.html" title="src/FlowLibTVL1Data.h" alt="" coords="247,80,401,107">
<area shape="rect" href="$FlowLibBaseData_8cpp.html" title="src/FlowLibBaseData.cpp" alt="" coords="425,80,593,107">
<area shape="rect" href="$FlowLib_8cpp.html" title="src/FlowLib.cpp" alt="" coords="5,304,117,331">
<area shape="rect" href="$FlowLibTVL1_8cu.html" title="src/FlowLibTVL1.cu" alt="" coords="141,304,277,331">
<area shape="rect" href="$FlowLibSOL1_8cu.html" title="src/FlowLibSOL1.cu" alt="" coords="301,304,440,331">
<area shape="rect" href="$FlowLib_8cu.html" title="src/FlowLib.cu" alt="" coords="237,379,341,405">
<area shape="rect" href="$FlowLibSOL1Data_8h.html" title="src/FlowLibSOL1Data.h" alt="" coords="272,155,429,181">
<area shape="rect" href="$FlowLibTVL1Data_8cpp.html" title="src/FlowLibTVL1Data.cpp" alt="" coords="453,155,624,181">
<area shape="rect" href="$FlowLibSOL1Data_8cpp.html" title="src/FlowLibSOL1Data.cpp" alt="" coords="296,229,467,256">
