<area shape="rect" href="$FlowLibDefs_8h.html" title="FlowLibDefs.h" alt="" coords="449,379,553,405">
<area shape="rect" href="$FlowLibData_8h.html" title="FlowLibData.h" alt="" coords="536,80,640,107">
<area shape="rect" href="$FlowField_8h.html" title="FlowField.h" alt="" coords="691,304,779,331">
<area shape="rect" href="$FlowLibTVL1_8cuh.html" title="FlowLibTVL1.cuh" alt="" coords="927,80,1047,107">
<area shape="rect" href="$FlowLibTVL1__kernel_8cu.html" title="FlowLibTVL1_kernel.cu" alt="" coords="748,80,903,107">
<area shape="rect" href="$FlowLibConstants_8h.html" title="FlowLibConstants.h" alt="" coords="937,453,1073,480">
<area shape="rect" href="$FlowLibBaseData_8h.html" title="FlowLibBaseData.h" alt="" coords="533,304,667,331">
<area shape="rect" href="$FlowLibTVL1Data_8h.html" title="FlowLibTVL1Data.h" alt="" coords="441,229,575,256">
<area shape="rect" href="$FlowLibSOL1Data_8h.html" title="FlowLibSOL1Data.h" alt="" coords="487,155,623,181">
<area shape="rect" href="$FlowLib__kernel_8cu.html" title="FlowLib_kernel.cu" alt="" coords="763,155,888,181">
