<area shape="rect" href="$FlowLib_8cuh.html" title="FlowLib.cuh" alt="" coords="285,80,376,107">
<area shape="rect" href="$FlowLibTVL1_8cu.html" title="FlowLibTVL1.cu" alt="" coords="597,80,712,107">
<area shape="rect" href="$FlowLib__kernel_8cu.html" title="FlowLib_kernel.cu" alt="" coords="1163,229,1288,256">
<area shape="rect" href="$FlowLibSOL1_8cu.html" title="FlowLibSOL1.cu" alt="" coords="828,80,943,107">
<area shape="rect" href="$FlowLibDefs_8h.html" title="FlowLibDefs.h" alt="" coords="723,453,827,480">
<area shape="rect" href="$FlowLibData_8h.html" title="FlowLibData.h" alt="" coords="789,155,893,181">
<area shape="rect" href="$FlowField_8h.html" title="FlowField.h" alt="" coords="391,379,479,405">
<area shape="rect" href="$FlowLibTVL1_8cuh.html" title="FlowLibTVL1.cuh" alt="" coords="595,155,715,181">
<area shape="rect" href="$FlowLibTVL1__kernel_8cu.html" title="FlowLibTVL1_kernel.cu" alt="" coords="968,155,1123,181">
<area shape="rect" href="$FlowLibConstants_8h.html" title="FlowLibConstants.h" alt="" coords="977,528,1113,555">
<area shape="rect" href="$FlowLibBaseData_8h.html" title="FlowLibBaseData.h" alt="" coords="760,379,893,405">
<area shape="rect" href="$FlowLibTVL1Data_8h.html" title="FlowLibTVL1Data.h" alt="" coords="673,304,807,331">
<area shape="rect" href="$FlowLibSOL1Data_8h.html" title="FlowLibSOL1Data.h" alt="" coords="688,229,824,256">
<area shape="rect" href="$FlowLibSOL1_8cuh.html" title="FlowLibSOL1.cuh" alt="" coords="1328,155,1451,181">
<area shape="rect" href="$FlowLibSOL1__kernel_8cu.html" title="FlowLibSOL1_kernel.cu" alt="" coords="1147,155,1304,181">
