<area shape="rect" href="$FlowLibDefs_8h.html" title="FlowLibDefs.h" alt="" coords="469,379,573,405">
<area shape="rect" href="$FlowLibData_8h.html" title="FlowLibData.h" alt="" coords="555,80,659,107">
<area shape="rect" href="$FlowField_8h.html" title="FlowField.h" alt="" coords="685,304,773,331">
<area shape="rect" href="$FlowLibSOL1_8cuh.html" title="FlowLibSOL1.cuh" alt="" coords="1127,80,1249,107">
<area shape="rect" href="$FlowLibTVL1_8cuh.html" title="FlowLibTVL1.cuh" alt="" coords="1273,80,1393,107">
<area shape="rect" href="$FlowLibSOL1__kernel_8cu.html" title="FlowLibSOL1_kernel.cu" alt="" coords="767,80,924,107">
<area shape="rect" href="$FlowLibTVL1__kernel_8cu.html" title="FlowLibTVL1_kernel.cu" alt="" coords="948,80,1103,107">
<area shape="rect" href="$FlowLibConstants_8h.html" title="FlowLibConstants.h" alt="" coords="928,453,1064,480">
<area shape="rect" href="$FlowLibBaseData_8h.html" title="FlowLibBaseData.h" alt="" coords="455,304,588,331">
<area shape="rect" href="$FlowLibTVL1Data_8h.html" title="FlowLibTVL1Data.h" alt="" coords="533,229,667,256">
<area shape="rect" href="$FlowLibSOL1Data_8h.html" title="FlowLibSOL1Data.h" alt="" coords="505,155,641,181">
<area shape="rect" href="$FlowLib__kernel_8cu.html" title="FlowLib_kernel.cu" alt="" coords="905,155,1031,181">
