<area shape="rect" href="$classCudaFlowLib_1_1BaseData.html#18c10999e6731d0315ba2b16409e349c" title="CudaFlowLib::BaseData::flowParameters" alt="" coords="228,5,487,32">
<area shape="rect" href="$classCudaFlowLib_1_1BaseData.html#596be6d8073bf64a69f6042b36b22836" title="CudaFlowLib::BaseData::getPitch" alt="" coords="249,56,465,83">
<area shape="rect" href="$classCudaFlowLib_1_1SOL1Data.html#5fc740174c91d0a38b629184558d51bb" title="CudaFlowLib::SOL1Data::getPx3Pyramid" alt="" coords="228,107,487,133">
<area shape="rect" href="$classCudaFlowLib_1_1SOL1Data.html#210aa528bbdd58e9d1b392c64315c5a4" title="CudaFlowLib::SOL1Data::getPx4Pyramid" alt="" coords="228,157,487,184">
<area shape="rect" href="$classCudaFlowLib_1_1SOL1Data.html#b7526d951e45f2489ac8841fecb5716e" title="CudaFlowLib::SOL1Data::getPy3Pyramid" alt="" coords="228,208,487,235">
<area shape="rect" href="$classCudaFlowLib_1_1SOL1Data.html#2df8fc4f35dc01a877b227696ee6b106" title="CudaFlowLib::SOL1Data::getPy4Pyramid" alt="" coords="228,259,487,285">
<area shape="rect" href="$classCudaFlowLib_1_1BaseData.html#35e059c6665454f9e42b137e57593519" title="CudaFlowLib::BaseData::getRegionOfs" alt="" coords="233,309,481,336">
<area shape="rect" href="$classCudaFlowLib_1_1BaseData.html#99e35be649dfaccff2abdcc4696937f1" title="CudaFlowLib::BaseData::getRegionSize" alt="" coords="232,360,483,387">
<area shape="rect" href="$classCudaFlowLib_1_1BaseData.html#11d5915109ec483e1220ac27921b0051" title="CudaFlowLib::BaseData::getSize" alt="" coords="252,411,463,437">
<area shape="rect" href="$classCudaFlowLib_1_1BaseData.html#906cb83641b0d80c61281f12a2c653e5" title="CudaFlowLib::BaseData::getStride" alt="" coords="248,461,467,488">
