<area shape="rect" href="$classCudaFlowLib_1_1BaseData.html#18c10999e6731d0315ba2b16409e349c" title="CudaFlowLib::BaseData::flowParameters" alt="" coords="369,5,628,32">
<area shape="rect" href="$classCudaFlowLib_1_1BaseData.html#c8fc3210835b3f075b3ccb66e5a6a370" title="CudaFlowLib::BaseData::getFlowField" alt="" coords="379,56,619,83">
<area shape="rect" href="$classCudaFlowLib_1_1TVL1Data.html#72bba6b37657a508838b396e5fa3106e" title="CudaFlowLib::TVL1Data::getFlowField0Pyramid" alt="" coords="351,107,647,133">
<area shape="rect" href="$classCudaFlowLib_1_1TVL1Data.html#4696d7e572dec00a2a80c24d74a23faa" title="CudaFlowLib::TVL1Data::getFlowField_Pyramid" alt="" coords="351,157,647,184">
<area shape="rect" href="$classCudaFlowLib_1_1TVL1Data.html#2bee681d26046cfb42a29f3a9e9a7d01" title="CudaFlowLib::TVL1Data::getPx1Pyramid" alt="" coords="369,208,628,235">
<area shape="rect" href="$classCudaFlowLib_1_1TVL1Data.html#7f7f72764308ce59285fbc8bdcf91ce0" title="CudaFlowLib::TVL1Data::getPx2Pyramid" alt="" coords="369,259,628,285">
<area shape="rect" href="$classCudaFlowLib_1_1SOL1Data.html#5fc740174c91d0a38b629184558d51bb" title="CudaFlowLib::SOL1Data::getPx3Pyramid" alt="" coords="369,309,628,336">
<area shape="rect" href="$classCudaFlowLib_1_1SOL1Data.html#210aa528bbdd58e9d1b392c64315c5a4" title="CudaFlowLib::SOL1Data::getPx4Pyramid" alt="" coords="369,360,628,387">
<area shape="rect" href="$classCudaFlowLib_1_1TVL1Data.html#68e8fabe028cc11814478cc641adc312" title="CudaFlowLib::TVL1Data::getPy1Pyramid" alt="" coords="369,411,628,437">
<area shape="rect" href="$classCudaFlowLib_1_1TVL1Data.html#f7369c24b2f8f59f1f40abd6f18e0a51" title="CudaFlowLib::TVL1Data::getPy2Pyramid" alt="" coords="369,461,628,488">
<area shape="rect" href="$classCudaFlowLib_1_1SOL1Data.html#b7526d951e45f2489ac8841fecb5716e" title="CudaFlowLib::SOL1Data::getPy3Pyramid" alt="" coords="369,512,628,539">
<area shape="rect" href="$classCudaFlowLib_1_1SOL1Data.html#2df8fc4f35dc01a877b227696ee6b106" title="CudaFlowLib::SOL1Data::getPy4Pyramid" alt="" coords="369,563,628,589">
<area shape="rect" href="$classCudaFlowLib_1_1BaseData.html#35e059c6665454f9e42b137e57593519" title="CudaFlowLib::BaseData::getRegionOfs" alt="" coords="375,613,623,640">
<area shape="rect" href="$classCudaFlowLib_1_1BaseData.html#99e35be649dfaccff2abdcc4696937f1" title="CudaFlowLib::BaseData::getRegionSize" alt="" coords="373,664,624,691">
<area shape="rect" href="$classCudaFlowLib_1_1BaseData.html#11d5915109ec483e1220ac27921b0051" title="CudaFlowLib::BaseData::getSize" alt="" coords="393,715,604,741">
<area shape="rect" href="$classCudaFlowLib_1_1BaseData.html#906cb83641b0d80c61281f12a2c653e5" title="CudaFlowLib::BaseData::getStride" alt="" coords="389,765,608,792">
<area shape="rect" href="$classFlowField.html#cc39e66ec67514509b287b593d93c395" title="FlowField::u" alt="" coords="453,816,544,843">
<area shape="rect" href="$classFlowField.html#c7540336d3ea45ecef1773db9d72dff8" title="FlowField::v" alt="" coords="453,867,544,893">
