<area shape="rect" href="$classCudaFlowLib_1_1TVL1Data.html#72bba6b37657a508838b396e5fa3106e" title="CudaFlowLib::TVL1Data::getFlowField0Pyramid" alt="" coords="196,5,492,32">
<area shape="rect" href="$classCudaFlowLib_1_1TVL1Data.html#121f1a23e1cbd34ea2c872abb5ebd945" title="CudaFlowLib::TVL1Data::getGradX2Pyramid" alt="" coords="204,56,484,83">
<area shape="rect" href="$classCudaFlowLib_1_1TVL1Data.html#78b396b8f5c167404ab03169f1c1c036" title="CudaFlowLib::TVL1Data::getGradXPyramid" alt="" coords="208,107,480,133">
<area shape="rect" href="$classCudaFlowLib_1_1TVL1Data.html#d6ab9c8601dd0bb00222e95d50b9bf01" title="CudaFlowLib::TVL1Data::getGradY2Pyramid" alt="" coords="204,157,484,184">
<area shape="rect" href="$classCudaFlowLib_1_1TVL1Data.html#2878c02bfbe49d7d4e266d4c2bc99f6b" title="CudaFlowLib::TVL1Data::getGradYPyramid" alt="" coords="208,208,480,235">
<area shape="rect" href="$classCudaFlowLib_1_1TVL1Data.html#414c472abf3cb731f8bcfb862164ac25" title="CudaFlowLib::TVL1Data::getImage" alt="" coords="232,259,456,285">
<area shape="rect" href="$classCudaFlowLib_1_1TVL1Data.html#df77160087acf70ab61377c15f1ee95f" title="CudaFlowLib::TVL1Data::getImage1XPyramid" alt="" coords="200,309,488,336">
<area shape="rect" href="$classCudaFlowLib_1_1TVL1Data.html#88b8865489878ac960650dfac385ce0d" title="CudaFlowLib::TVL1Data::getImage1YPyramid" alt="" coords="200,360,488,387">
<area shape="rect" href="$classCudaFlowLib_1_1TVL1Data.html#247b45462ca613ddf5a80fa0822cad75" title="CudaFlowLib::TVL1Data::getImage2XPyramid" alt="" coords="200,411,488,437">
<area shape="rect" href="$classCudaFlowLib_1_1TVL1Data.html#de68f38f0599c75291dc9776cabdffff" title="CudaFlowLib::TVL1Data::getImage2YPyramid" alt="" coords="200,461,488,488">
<area shape="rect" href="$classCudaFlowLib_1_1TVL1Data.html#6d72a20d751f45a0cf2985dbfceff6e3" title="CudaFlowLib::TVL1Data::getImage3XPyramid" alt="" coords="200,512,488,539">
<area shape="rect" href="$classCudaFlowLib_1_1TVL1Data.html#aacca760b34714de6202f6489b0ea602" title="CudaFlowLib::TVL1Data::getImage3YPyramid" alt="" coords="200,563,488,589">
<area shape="rect" href="$classCudaFlowLib_1_1TVL1Data.html#91161ed8fefdca7a60d49aa191287461" title="CudaFlowLib::TVL1Data::getImageT2Pyramid" alt="" coords="201,613,487,640">
<area shape="rect" href="$classCudaFlowLib_1_1TVL1Data.html#c34cc524fc3b0a9c2734e2f9f481128e" title="CudaFlowLib::TVL1Data::getImageTPyramid" alt="" coords="204,664,484,691">
<area shape="rect" href="$classCudaFlowLib_1_1BaseData.html#35e059c6665454f9e42b137e57593519" title="CudaFlowLib::BaseData::getRegionOfs" alt="" coords="220,715,468,741">
<area shape="rect" href="$classCudaFlowLib_1_1BaseData.html#99e35be649dfaccff2abdcc4696937f1" title="CudaFlowLib::BaseData::getRegionSize" alt="" coords="219,765,469,792">
<area shape="rect" href="$classCudaFlowLib_1_1BaseData.html#11d5915109ec483e1220ac27921b0051" title="CudaFlowLib::BaseData::getSize" alt="" coords="239,816,449,843">
<area shape="rect" href="$classCudaFlowLib_1_1BaseData.html#906cb83641b0d80c61281f12a2c653e5" title="CudaFlowLib::BaseData::getStride" alt="" coords="235,867,453,893">
<area shape="rect" href="$classCudaFlowLib_1_1TVL1Data.html#590203e816f2c6e0fe6abec65aa5be43" title="CudaFlowLib::TVL1Data::getImagePyramid" alt="" coords="541,259,813,285">
